MARS 4.5  Copyright 2003-2014 Pete Sanderson and Kenneth Vollmar

Enter a number:
Program terminated when maximum step limit -1 reached.

