MARS 4.5  Copyright 2003-2014 Pete Sanderson and Kenneth Vollmar

Enter the number of prime numbers required

Program terminated when maximum step limit -1 reached.

